******************************************************************************
                  TI ARM Linker PC v5.2.5                      
******************************************************************************
>> Linked Tue Jul 12 09:30:16 2016

OUTPUT FILE NAME:   <FREERTOS_LAB5.out>
ENTRY POINT SYMBOL: "_c_int00"  address: 000038d1


MEMORY CONFIGURATION

         name            origin    length      used     unused   attr    fill
----------------------  --------  ---------  --------  --------  ----  --------
  FLASH                 00000000   00040000  00003ae6  0003c51a  R  X
  SRAM                  20000000   00008000  000051b1  00002e4f  RW X


SEGMENT ALLOCATION MAP

run origin  load origin   length   init length attrs members
----------  ----------- ---------- ----------- ----- -------
00000000    00000000    00003ae8   00003ae8    r-x
  00000000    00000000    0000026c   0000026c    r-- .intvecs
  0000026c    0000026c    00003820   00003820    r-x .text
  00003a8c    00003a8c    0000000a   0000000a    r-- .const
  00003a98    00003a98    00000050   00000050    r-- .cinit
20000000    20000000    000051b1   00000000    rw-
  20000000    20000000    00004f54   00000000    rw- .bss
  20004f54    20004f54    00000200   00000000    rw- .stack
  20005154    20005154    0000005d   00000000    rw- .data


SECTION ALLOCATION MAP

 output                                  attributes/
section   page    origin      length       input sections
--------  ----  ----------  ----------   ----------------
.intvecs   0    00000000    0000026c     
                  00000000    0000026c     tm4c1231h6pm_startup_ccs.obj (.intvecs)

.text      0    0000026c    00003820     
                  0000026c    000019e4     tasks.obj (.text)
                  00001c50    00000a94     queue.obj (.text)
                  000026e4    000004f0     DIO.obj (.text)
                  00002bd4    00000210     UART.obj (.text)
                  00002de4    000001cc     heap_2.obj (.text)
                  00002fb0    000001b8     port.obj (.text)
                  00003168    000001b6     rtsv7M4_T_le_v4SPD16_eabi.lib : fd_add_t2.obj (.text)
                  0000331e    00000002     --HOLE-- [fill = 0]
                  00003320    0000013c     main.obj (.text)
                  0000345c    00000132     list.obj (.text)
                  0000358e    00000002     --HOLE-- [fill = 0]
                  00003590    000000d2     portasm.obj (.text)
                  00003662    0000009c     rtsv7M4_T_le_v4SPD16_eabi.lib : memcpy_t2.obj (.text)
                  000036fe    00000002     --HOLE-- [fill = 0]
                  00003700    0000007c     PLL.obj (.text)
                  0000377c    0000007a     rtsv7M4_T_le_v4SPD16_eabi.lib : memset_t2.obj (.text)
                  000037f6    00000002     --HOLE-- [fill = 0]
                  000037f8    0000006c                                   : autoinit.obj (.text)
                  00003864    0000006a                                   : copy_decompress_rle.obj (.text)
                  000038ce    00000002     --HOLE-- [fill = 0]
                  000038d0    00000050                                   : boot.obj (.text)
                  00003920    0000004c                                   : cpy_tbl.obj (.text)
                  0000396c    00000048                                   : fd_toi_t2.obj (.text)
                  000039b4    00000044                                   : exit.obj (.text)
                  000039f8    00000038                                   : fs_tod_t2.obj (.text)
                  00003a30    00000018                                   : args_main.obj (.text)
                  00003a48    00000014                                   : _lock.obj (.text)
                  00003a5c    0000000e                                   : copy_decompress_none.obj (.text:decompress:none)
                  00003a6a    0000000c                                   : copy_zero_init.obj (.text:decompress:ZI)
                  00003a76    0000000c     tm4c1231h6pm_startup_ccs.obj (.text)
                  00003a82    00000006     rtsv7M4_T_le_v4SPD16_eabi.lib : copy_decompress_rle.obj (.text:decompress:rle24)
                  00003a88    00000004                                   : pre_init.obj (.text)

.const     0    00003a8c    0000000a     
                  00003a8c    00000008     port.obj (.const)
                  00003a94    00000002     heap_2.obj (.const)

.cinit     0    00003a98    00000050     
                  00003a98    0000002b     (.cinit..data.load) [load image, compression = rle]
                  00003ac3    00000001     --HOLE-- [fill = 0]
                  00003ac4    0000000c     (__TI_handler_table)
                  00003ad0    00000008     (.cinit..bss.load) [load image, compression = zero_init]
                  00003ad8    00000010     (__TI_cinit_table)

.init_array 
*          0    00000000    00000000     UNINITIALIZED

.bss       0    20000000    00004f54     UNINITIALIZED
                  20000000    00004e20     heap_2.obj (.bss:ucHeap)
                  20004e20    00000064     tasks.obj (.bss:pxReadyTasksLists)
                  20004e84    00000050     queue.obj (.bss:xQueueRegistry)
                  20004ed4    00000014     (.common:xDelayedTaskList1)
                  20004ee8    00000014     (.common:xDelayedTaskList2)
                  20004efc    00000014     (.common:xPendingReadyList)
                  20004f10    00000014     (.common:xSuspendedTaskList)
                  20004f24    00000014     (.common:xTasksWaitingTermination)
                  20004f38    00000008     (.common:xEnd)
                  20004f40    00000008     (.common:xStart)
                  20004f48    00000004     (.common:Client_Sem)
                  20004f4c    00000004     (.common:pxDelayedTaskList)
                  20004f50    00000004     (.common:pxOverflowDelayedTaskList)

.TI.noinit 
*          0    20000000    00000000     UNINITIALIZED

.stack     0    20004f54    00000200     UNINITIALIZED
                  20004f54    00000200     --HOLE--

.data      0    20005154    0000005d     UNINITIALIZED
                  20005154    00000034     tasks.obj (.data)
                  20005188    0000000c     port.obj (.data)
                  20005194    00000008     heap_2.obj (.data)
                  2000519c    00000008     rtsv7M4_T_le_v4SPD16_eabi.lib : _lock.obj (.data)
                  200051a4    00000008                                   : exit.obj (.data)
                  200051ac    00000004                                   : stkdepth_vars.obj (.data)
                  200051b0    00000001     main.obj (.data)

.TI.persistent 
*          0    20005154    00000000     UNINITIALIZED


LINKER GENERATED COPY TABLES

__TI_cinit_table @ 00003ad8 records: 2, size/record: 8, table size: 16
	.data: load addr=00003a98, load size=0000002b bytes, run addr=20005154, run size=0000005d bytes, compression=rle
	.bss: load addr=00003ad0, load size=00000008 bytes, run addr=20000000, run size=00004f54 bytes, compression=zero_init


LINKER GENERATED HANDLER TABLE

__TI_handler_table @ 00003ac4 records: 3, size/record: 4, table size: 12
	index: 0, handler: __TI_decompress_rle24
	index: 1, handler: __TI_decompress_none
	index: 2, handler: __TI_zero_init


GLOBAL SYMBOLS: SORTED ALPHABETICALLY BY Name 

address   name                             
-------   ----                             
00003321  Button                           
000039b5  C$$EXIT                          
20004f48  Client_Sem                       
00002ac9  DIO_PortDirection                
000026e5  DIO_PortInit                     
000028ff  DIO_PortRead                     
0000299d  DIO_PortWrite                    
00003701  PLL_Set80                        
00003a77  ResetISR                         
UNDEFED   SHT$$INIT_ARRAY$$Base            
UNDEFED   SHT$$INIT_ARRAY$$Limit           
0000335b  Server                           
00002bd5  UART0_Init                       
00002d55  UART0_ReadChr                    
00002d69  UART0_ReadString                 
00002d39  UART0_SendChr                    
00002cc3  UART0_SendInt                    
00002c9f  UART0_SendString                 
20005154  __STACK_END                      
00000200  __STACK_SIZE                     
20005154  __STACK_TOP                      
00003ad8  __TI_CINIT_Base                  
00003ae8  __TI_CINIT_Limit                 
00003ac4  __TI_Handler_Table_Base          
00003ad0  __TI_Handler_Table_Limit         
000037f9  __TI_auto_init                   
200051a4  __TI_cleanup_ptr                 
00003a5d  __TI_decompress_none             
00003a83  __TI_decompress_rle24            
200051a8  __TI_dtors_ptr                   
00000000  __TI_static_base__               
00003a6b  __TI_zero_init                   
0000396d  __aeabi_d2iz                     
00003173  __aeabi_dadd                     
00003169  __aeabi_dsub                     
000039f9  __aeabi_f2d                      
0000377d  __aeabi_memclr                   
0000377d  __aeabi_memclr4                  
0000377d  __aeabi_memclr8                  
00003663  __aeabi_memcpy                   
00003663  __aeabi_memcpy4                  
00003663  __aeabi_memcpy8                  
0000377f  __aeabi_memset                   
0000377f  __aeabi_memset4                  
0000377f  __aeabi_memset8                  
ffffffff  __binit__                        
ffffffff  __c_args__                       
20004f54  __stack                          
00003a31  _args_main                       
000038d1  _c_int00                         
2000519c  _lock                            
00003a57  _nop                             
00003a4f  _register_lock                   
00003a49  _register_unlock                 
00003a89  _system_pre_init                 
200051a0  _unlock                          
000039b9  abort                            
ffffffff  binit                            
00003921  copy_in                          
200051b0  data1                            
000005f1  eTaskGetState                    
000039c1  exit                             
00000000  g_pfnVectors                     
000033b5  main                             
200051ac  main_func_sp                     
00003663  memcpy                           
00003785  memset                           
00002659  pcQueueGetName                   
00000bc5  pcTaskGetName                    
00002de5  pvPortMalloc                     
00001731  pvTaskIncrementMutexHeldCount    
20005154  pxCurrentTCB                     
00002fb1  pxPortInitialiseStack            
000023db  ucQueueGetQueueType              
00003a8c  ulMaxSyscallInterruptPriority    
000035a1  ulPortGetIPSR                    
00001749  ulTaskNotifyTake                 
00003547  uxListRemove                     
000023bb  uxQueueGetQueueNumber            
0000235d  uxQueueMessagesWaiting           
00002393  uxQueueMessagesWaitingFromISR    
00002373  uxQueueSpacesAvailable           
00000bbf  uxTaskGetNumberOfTasks           
00001519  uxTaskGetStackHighWaterMark      
00000d49  uxTaskGetSystemState             
00001281  uxTaskGetTaskNumber              
00000681  uxTaskPriorityGet                
000006b1  uxTaskPriorityGetFromISR         
0000170b  uxTaskResetEventItemValue        
0000345d  vListInitialise                  
0000348d  vListInitialiseItem              
000034d9  vListInsert                      
0000349d  vListInsertEnd                   
00003655  vPortEnableVFP                   
000030af  vPortEndScheduler                
000030b1  vPortEnterCritical               
000030d1  vPortExitCritical                
00002eeb  vPortFree                        
00002f53  vPortInitialiseBlocks            
00003619  vPortSVCHandler                  
0000310d  vPortSetupTimerInterrupt         
00003639  vPortStartFirstTask              
0000311b  vPortValidateInterruptPriority   
00002617  vQueueAddToRegistry              
000023a5  vQueueDelete                     
000023c9  vQueueSetQueueNumber             
00002699  vQueueUnregisterQueue            
000005b3  vTaskDelay                       
00000505  vTaskDelayUntil                  
00000475  vTaskDelete                      
00000a61  vTaskEndScheduler                
00001395  vTaskGetInfo                     
00001279  vTaskMissedYield                 
00001a95  vTaskNotifyGiveFromISR           
0000104f  vTaskPlaceOnEventList            
0000106f  vTaskPlaceOnUnorderedEventList   
000015ed  vTaskPriorityInherit             
00000705  vTaskPrioritySet                 
000008f1  vTaskResume                      
000012a1  vTaskSetTaskNumber               
000011b9  vTaskSetTimeOutState             
00000a11  vTaskStartScheduler              
0000080d  vTaskSuspend                     
00000a7d  vTaskSuspendAll                  
00000fc9  vTaskSwitchContext               
00002f4d  xPortGetFreeHeapSize             
000035b9  xPortPendSVHandler               
0000301b  xPortStartScheduler              
000030e7  xPortSysTickHandler              
00001e5d  xQueueCreateCountingSemaphore    
00001da9  xQueueCreateMutex                
00001cef  xQueueGenericCreate              
000020e3  xQueueGenericReceive             
00001c51  xQueueGenericReset               
00001e7d  xQueueGenericSend                
00001faf  xQueueGenericSendFromISR         
0000204d  xQueueGiveFromISR                
00001dd5  xQueueGiveMutexRecursive         
000025b3  xQueueIsQueueEmptyFromISR        
000025f5  xQueueIsQueueFullFromISR         
00002307  xQueuePeekFromISR                
0000226b  xQueueReceiveFromISR             
20004e84  xQueueRegistry                   
00001e11  xQueueTakeMutexRecursive         
00000e2d  xTaskAbortDelay                  
000011d3  xTaskCheckForTimeOut             
0000026d  xTaskCreate                      
0000188d  xTaskGenericNotify               
0000197d  xTaskGenericNotifyFromISR        
0000158f  xTaskGetCurrentTaskHandle        
00000cc1  xTaskGetHandle                   
00000e21  xTaskGetIdleTaskHandle           
000015bd  xTaskGetSchedulerState           
00000b79  xTaskGetTickCount                
00000b91  xTaskGetTickCountFromISR         
00000eb5  xTaskIncrementTick               
00001b4b  xTaskNotifyStateClear            
000017d1  xTaskNotifyWait                  
0000168b  xTaskPriorityDisinherit          
000010a5  xTaskRemoveFromEventList         
00001135  xTaskRemoveFromUnorderedEventList
00000a91  xTaskResumeAll                   
00000977  xTaskResumeFromISR               


GLOBAL SYMBOLS: SORTED BY Symbol Address 

address   name                             
-------   ----                             
00000000  __TI_static_base__               
00000000  g_pfnVectors                     
00000200  __STACK_SIZE                     
0000026d  xTaskCreate                      
00000475  vTaskDelete                      
00000505  vTaskDelayUntil                  
000005b3  vTaskDelay                       
000005f1  eTaskGetState                    
00000681  uxTaskPriorityGet                
000006b1  uxTaskPriorityGetFromISR         
00000705  vTaskPrioritySet                 
0000080d  vTaskSuspend                     
000008f1  vTaskResume                      
00000977  xTaskResumeFromISR               
00000a11  vTaskStartScheduler              
00000a61  vTaskEndScheduler                
00000a7d  vTaskSuspendAll                  
00000a91  xTaskResumeAll                   
00000b79  xTaskGetTickCount                
00000b91  xTaskGetTickCountFromISR         
00000bbf  uxTaskGetNumberOfTasks           
00000bc5  pcTaskGetName                    
00000cc1  xTaskGetHandle                   
00000d49  uxTaskGetSystemState             
00000e21  xTaskGetIdleTaskHandle           
00000e2d  xTaskAbortDelay                  
00000eb5  xTaskIncrementTick               
00000fc9  vTaskSwitchContext               
0000104f  vTaskPlaceOnEventList            
0000106f  vTaskPlaceOnUnorderedEventList   
000010a5  xTaskRemoveFromEventList         
00001135  xTaskRemoveFromUnorderedEventList
000011b9  vTaskSetTimeOutState             
000011d3  xTaskCheckForTimeOut             
00001279  vTaskMissedYield                 
00001281  uxTaskGetTaskNumber              
000012a1  vTaskSetTaskNumber               
00001395  vTaskGetInfo                     
00001519  uxTaskGetStackHighWaterMark      
0000158f  xTaskGetCurrentTaskHandle        
000015bd  xTaskGetSchedulerState           
000015ed  vTaskPriorityInherit             
0000168b  xTaskPriorityDisinherit          
0000170b  uxTaskResetEventItemValue        
00001731  pvTaskIncrementMutexHeldCount    
00001749  ulTaskNotifyTake                 
000017d1  xTaskNotifyWait                  
0000188d  xTaskGenericNotify               
0000197d  xTaskGenericNotifyFromISR        
00001a95  vTaskNotifyGiveFromISR           
00001b4b  xTaskNotifyStateClear            
00001c51  xQueueGenericReset               
00001cef  xQueueGenericCreate              
00001da9  xQueueCreateMutex                
00001dd5  xQueueGiveMutexRecursive         
00001e11  xQueueTakeMutexRecursive         
00001e5d  xQueueCreateCountingSemaphore    
00001e7d  xQueueGenericSend                
00001faf  xQueueGenericSendFromISR         
0000204d  xQueueGiveFromISR                
000020e3  xQueueGenericReceive             
0000226b  xQueueReceiveFromISR             
00002307  xQueuePeekFromISR                
0000235d  uxQueueMessagesWaiting           
00002373  uxQueueSpacesAvailable           
00002393  uxQueueMessagesWaitingFromISR    
000023a5  vQueueDelete                     
000023bb  uxQueueGetQueueNumber            
000023c9  vQueueSetQueueNumber             
000023db  ucQueueGetQueueType              
000025b3  xQueueIsQueueEmptyFromISR        
000025f5  xQueueIsQueueFullFromISR         
00002617  vQueueAddToRegistry              
00002659  pcQueueGetName                   
00002699  vQueueUnregisterQueue            
000026e5  DIO_PortInit                     
000028ff  DIO_PortRead                     
0000299d  DIO_PortWrite                    
00002ac9  DIO_PortDirection                
00002bd5  UART0_Init                       
00002c9f  UART0_SendString                 
00002cc3  UART0_SendInt                    
00002d39  UART0_SendChr                    
00002d55  UART0_ReadChr                    
00002d69  UART0_ReadString                 
00002de5  pvPortMalloc                     
00002eeb  vPortFree                        
00002f4d  xPortGetFreeHeapSize             
00002f53  vPortInitialiseBlocks            
00002fb1  pxPortInitialiseStack            
0000301b  xPortStartScheduler              
000030af  vPortEndScheduler                
000030b1  vPortEnterCritical               
000030d1  vPortExitCritical                
000030e7  xPortSysTickHandler              
0000310d  vPortSetupTimerInterrupt         
0000311b  vPortValidateInterruptPriority   
00003169  __aeabi_dsub                     
00003173  __aeabi_dadd                     
00003321  Button                           
0000335b  Server                           
000033b5  main                             
0000345d  vListInitialise                  
0000348d  vListInitialiseItem              
0000349d  vListInsertEnd                   
000034d9  vListInsert                      
00003547  uxListRemove                     
000035a1  ulPortGetIPSR                    
000035b9  xPortPendSVHandler               
00003619  vPortSVCHandler                  
00003639  vPortStartFirstTask              
00003655  vPortEnableVFP                   
00003663  __aeabi_memcpy                   
00003663  __aeabi_memcpy4                  
00003663  __aeabi_memcpy8                  
00003663  memcpy                           
00003701  PLL_Set80                        
0000377d  __aeabi_memclr                   
0000377d  __aeabi_memclr4                  
0000377d  __aeabi_memclr8                  
0000377f  __aeabi_memset                   
0000377f  __aeabi_memset4                  
0000377f  __aeabi_memset8                  
00003785  memset                           
000037f9  __TI_auto_init                   
000038d1  _c_int00                         
00003921  copy_in                          
0000396d  __aeabi_d2iz                     
000039b5  C$$EXIT                          
000039b9  abort                            
000039c1  exit                             
000039f9  __aeabi_f2d                      
00003a31  _args_main                       
00003a49  _register_unlock                 
00003a4f  _register_lock                   
00003a57  _nop                             
00003a5d  __TI_decompress_none             
00003a6b  __TI_zero_init                   
00003a77  ResetISR                         
00003a83  __TI_decompress_rle24            
00003a89  _system_pre_init                 
00003a8c  ulMaxSyscallInterruptPriority    
00003ac4  __TI_Handler_Table_Base          
00003ad0  __TI_Handler_Table_Limit         
00003ad8  __TI_CINIT_Base                  
00003ae8  __TI_CINIT_Limit                 
20004e84  xQueueRegistry                   
20004f48  Client_Sem                       
20004f54  __stack                          
20005154  __STACK_END                      
20005154  __STACK_TOP                      
20005154  pxCurrentTCB                     
2000519c  _lock                            
200051a0  _unlock                          
200051a4  __TI_cleanup_ptr                 
200051a8  __TI_dtors_ptr                   
200051ac  main_func_sp                     
200051b0  data1                            
ffffffff  __binit__                        
ffffffff  __c_args__                       
ffffffff  binit                            
UNDEFED   SHT$$INIT_ARRAY$$Base            
UNDEFED   SHT$$INIT_ARRAY$$Limit           

[163 symbols]
