******************************************************************************
                  TI ARM Linker PC v5.2.5                      
******************************************************************************
>> Linked Sun Jul 10 09:53:14 2016

OUTPUT FILE NAME:   <FREERTOS_LAB0.out>
ENTRY POINT SYMBOL: "_c_int00"  address: 000029bd


MEMORY CONFIGURATION

         name            origin    length      used     unused   attr    fill
----------------------  --------  ---------  --------  --------  ----  --------
  FLASH                 00000000   00040000  00002b52  0003d4ae  R  X
  SRAM                  20000000   00008000  0000515c  00002ea4  RW X


SEGMENT ALLOCATION MAP

run origin  load origin   length   init length attrs members
----------  ----------- ---------- ----------- ----- -------
00000000    00000000    00002b58   00002b58    r-x
  00000000    00000000    0000026c   0000026c    r-- .intvecs
  0000026c    0000026c    0000288c   0000288c    r-x .text
  00002af8    00002af8    0000000a   0000000a    r-- .const
  00002b08    00002b08    00000050   00000050    r-- .cinit
20000000    20000000    0000515c   00000000    rw-
  20000000    20000000    00004f00   00000000    rw- .bss
  20004f00    20004f00    00000200   00000000    rw- .stack
  20005100    20005100    0000005c   00000000    rw- .data


SECTION ALLOCATION MAP

 output                                  attributes/
section   page    origin      length       input sections
--------  ----  ----------  ----------   ----------------
.intvecs   0    00000000    0000026c     
                  00000000    0000026c     tm4c1231h6pm_startup_ccs.obj (.intvecs)

.text      0    0000026c    0000288c     
                  0000026c    000019e4     tasks.obj (.text)
                  00001c50    000004f0     DIO.obj (.text)
                  00002140    000001cc     heap_2.obj (.text)
                  0000230c    000001b8     port.obj (.text)
                  000024c4    00000132     list.obj (.text)
                  000025f6    00000002     --HOLE-- [fill = 0]
                  000025f8    000000d2     portasm.obj (.text)
                  000026ca    0000009c     rtsv7M4_T_le_v4SPD16_eabi.lib : memcpy_t2.obj (.text)
                  00002766    00000002     --HOLE-- [fill = 0]
                  00002768    00000084     main.obj (.text)
                  000027ec    0000007c     PLL.obj (.text)
                  00002868    0000007a     rtsv7M4_T_le_v4SPD16_eabi.lib : memset_t2.obj (.text)
                  000028e2    00000002     --HOLE-- [fill = 0]
                  000028e4    0000006c                                   : autoinit.obj (.text)
                  00002950    0000006a                                   : copy_decompress_rle.obj (.text)
                  000029ba    00000002     --HOLE-- [fill = 0]
                  000029bc    00000050                                   : boot.obj (.text)
                  00002a0c    0000004c                                   : cpy_tbl.obj (.text)
                  00002a58    00000044                                   : exit.obj (.text)
                  00002a9c    00000018                                   : args_main.obj (.text)
                  00002ab4    00000014                                   : _lock.obj (.text)
                  00002ac8    0000000e                                   : copy_decompress_none.obj (.text:decompress:none)
                  00002ad6    0000000c                                   : copy_zero_init.obj (.text:decompress:ZI)
                  00002ae2    0000000c     tm4c1231h6pm_startup_ccs.obj (.text)
                  00002aee    00000006     rtsv7M4_T_le_v4SPD16_eabi.lib : copy_decompress_rle.obj (.text:decompress:rle24)
                  00002af4    00000004                                   : pre_init.obj (.text)

.const     0    00002af8    0000000a     
                  00002af8    00000008     port.obj (.const)
                  00002b00    00000002     heap_2.obj (.const)

.cinit     0    00002b08    00000050     
                  00002b08    0000002b     (.cinit..data.load) [load image, compression = rle]
                  00002b33    00000001     --HOLE-- [fill = 0]
                  00002b34    0000000c     (__TI_handler_table)
                  00002b40    00000008     (.cinit..bss.load) [load image, compression = zero_init]
                  00002b48    00000010     (__TI_cinit_table)

.init_array 
*          0    00000000    00000000     UNINITIALIZED

.bss       0    20000000    00004f00     UNINITIALIZED
                  20000000    00004e20     heap_2.obj (.bss:ucHeap)
                  20004e20    00000064     tasks.obj (.bss:pxReadyTasksLists)
                  20004e84    00000014     (.common:xDelayedTaskList1)
                  20004e98    00000014     (.common:xDelayedTaskList2)
                  20004eac    00000014     (.common:xPendingReadyList)
                  20004ec0    00000014     (.common:xSuspendedTaskList)
                  20004ed4    00000014     (.common:xTasksWaitingTermination)
                  20004ee8    00000008     (.common:xEnd)
                  20004ef0    00000008     (.common:xStart)
                  20004ef8    00000004     (.common:pxDelayedTaskList)
                  20004efc    00000004     (.common:pxOverflowDelayedTaskList)

.TI.noinit 
*          0    20000000    00000000     UNINITIALIZED

.stack     0    20004f00    00000200     UNINITIALIZED
                  20004f00    00000200     --HOLE--

.data      0    20005100    0000005c     UNINITIALIZED
                  20005100    00000034     tasks.obj (.data)
                  20005134    0000000c     port.obj (.data)
                  20005140    00000008     heap_2.obj (.data)
                  20005148    00000008     rtsv7M4_T_le_v4SPD16_eabi.lib : _lock.obj (.data)
                  20005150    00000008                                   : exit.obj (.data)
                  20005158    00000004                                   : stkdepth_vars.obj (.data)

.TI.persistent 
*          0    20005100    00000000     UNINITIALIZED


LINKER GENERATED COPY TABLES

__TI_cinit_table @ 00002b48 records: 2, size/record: 8, table size: 16
	.data: load addr=00002b08, load size=0000002b bytes, run addr=20005100, run size=0000005c bytes, compression=rle
	.bss: load addr=00002b40, load size=00000008 bytes, run addr=20000000, run size=00004f00 bytes, compression=zero_init


LINKER GENERATED HANDLER TABLE

__TI_handler_table @ 00002b34 records: 3, size/record: 4, table size: 12
	index: 0, handler: __TI_decompress_rle24
	index: 1, handler: __TI_decompress_none
	index: 2, handler: __TI_zero_init


GLOBAL SYMBOLS: SORTED ALPHABETICALLY BY Name 

address   name                             
-------   ----                             
00002a59  C$$EXIT                          
00002035  DIO_PortDirection                
00001c51  DIO_PortInit                     
00001e6b  DIO_PortRead                     
00001f09  DIO_PortWrite                    
00002787  First_Task                       
000027ed  PLL_Set80                        
00002ae3  ResetISR                         
UNDEFED   SHT$$INIT_ARRAY$$Base            
UNDEFED   SHT$$INIT_ARRAY$$Limit           
20005100  __STACK_END                      
00000200  __STACK_SIZE                     
20005100  __STACK_TOP                      
00002b48  __TI_CINIT_Base                  
00002b58  __TI_CINIT_Limit                 
00002b34  __TI_Handler_Table_Base          
00002b40  __TI_Handler_Table_Limit         
000028e5  __TI_auto_init                   
20005150  __TI_cleanup_ptr                 
00002ac9  __TI_decompress_none             
00002aef  __TI_decompress_rle24            
20005154  __TI_dtors_ptr                   
00000000  __TI_static_base__               
00002ad7  __TI_zero_init                   
00002869  __aeabi_memclr                   
00002869  __aeabi_memclr4                  
00002869  __aeabi_memclr8                  
000026cb  __aeabi_memcpy                   
000026cb  __aeabi_memcpy4                  
000026cb  __aeabi_memcpy8                  
0000286b  __aeabi_memset                   
0000286b  __aeabi_memset4                  
0000286b  __aeabi_memset8                  
ffffffff  __binit__                        
ffffffff  __c_args__                       
20004f00  __stack                          
00002a9d  _args_main                       
000029bd  _c_int00                         
20005148  _lock                            
00002ac3  _nop                             
00002abb  _register_lock                   
00002ab5  _register_unlock                 
00002af5  _system_pre_init                 
2000514c  _unlock                          
00002a5d  abort                            
ffffffff  binit                            
00002a0d  copy_in                          
00002769  delay                            
000005f1  eTaskGetState                    
00002a65  exit                             
00000000  g_pfnVectors                     
000027a9  main                             
20005158  main_func_sp                     
000026cb  memcpy                           
00002871  memset                           
00000bc5  pcTaskGetName                    
00002141  pvPortMalloc                     
00001731  pvTaskIncrementMutexHeldCount    
20005100  pxCurrentTCB                     
0000230d  pxPortInitialiseStack            
00002af8  ulMaxSyscallInterruptPriority    
00002609  ulPortGetIPSR                    
00001749  ulTaskNotifyTake                 
000025af  uxListRemove                     
00000bbf  uxTaskGetNumberOfTasks           
00001519  uxTaskGetStackHighWaterMark      
00000d49  uxTaskGetSystemState             
00001281  uxTaskGetTaskNumber              
00000681  uxTaskPriorityGet                
000006b1  uxTaskPriorityGetFromISR         
0000170b  uxTaskResetEventItemValue        
000024c5  vListInitialise                  
000024f5  vListInitialiseItem              
00002541  vListInsert                      
00002505  vListInsertEnd                   
000026bd  vPortEnableVFP                   
0000240b  vPortEndScheduler                
0000240d  vPortEnterCritical               
0000242d  vPortExitCritical                
00002247  vPortFree                        
000022af  vPortInitialiseBlocks            
00002681  vPortSVCHandler                  
00002469  vPortSetupTimerInterrupt         
000026a1  vPortStartFirstTask              
00002477  vPortValidateInterruptPriority   
000005b3  vTaskDelay                       
00000505  vTaskDelayUntil                  
00000475  vTaskDelete                      
00000a61  vTaskEndScheduler                
00001395  vTaskGetInfo                     
00001279  vTaskMissedYield                 
00001a95  vTaskNotifyGiveFromISR           
0000104f  vTaskPlaceOnEventList            
0000106f  vTaskPlaceOnUnorderedEventList   
000015ed  vTaskPriorityInherit             
00000705  vTaskPrioritySet                 
000008f1  vTaskResume                      
000012a1  vTaskSetTaskNumber               
000011b9  vTaskSetTimeOutState             
00000a11  vTaskStartScheduler              
0000080d  vTaskSuspend                     
00000a7d  vTaskSuspendAll                  
00000fc9  vTaskSwitchContext               
000022a9  xPortGetFreeHeapSize             
00002621  xPortPendSVHandler               
00002377  xPortStartScheduler              
00002443  xPortSysTickHandler              
00000e2d  xTaskAbortDelay                  
000011d3  xTaskCheckForTimeOut             
0000026d  xTaskCreate                      
0000188d  xTaskGenericNotify               
0000197d  xTaskGenericNotifyFromISR        
0000158f  xTaskGetCurrentTaskHandle        
00000cc1  xTaskGetHandle                   
00000e21  xTaskGetIdleTaskHandle           
000015bd  xTaskGetSchedulerState           
00000b79  xTaskGetTickCount                
00000b91  xTaskGetTickCountFromISR         
00000eb5  xTaskIncrementTick               
00001b4b  xTaskNotifyStateClear            
000017d1  xTaskNotifyWait                  
0000168b  xTaskPriorityDisinherit          
000010a5  xTaskRemoveFromEventList         
00001135  xTaskRemoveFromUnorderedEventList
00000a91  xTaskResumeAll                   
00000977  xTaskResumeFromISR               


GLOBAL SYMBOLS: SORTED BY Symbol Address 

address   name                             
-------   ----                             
00000000  __TI_static_base__               
00000000  g_pfnVectors                     
00000200  __STACK_SIZE                     
0000026d  xTaskCreate                      
00000475  vTaskDelete                      
00000505  vTaskDelayUntil                  
000005b3  vTaskDelay                       
000005f1  eTaskGetState                    
00000681  uxTaskPriorityGet                
000006b1  uxTaskPriorityGetFromISR         
00000705  vTaskPrioritySet                 
0000080d  vTaskSuspend                     
000008f1  vTaskResume                      
00000977  xTaskResumeFromISR               
00000a11  vTaskStartScheduler              
00000a61  vTaskEndScheduler                
00000a7d  vTaskSuspendAll                  
00000a91  xTaskResumeAll                   
00000b79  xTaskGetTickCount                
00000b91  xTaskGetTickCountFromISR         
00000bbf  uxTaskGetNumberOfTasks           
00000bc5  pcTaskGetName                    
00000cc1  xTaskGetHandle                   
00000d49  uxTaskGetSystemState             
00000e21  xTaskGetIdleTaskHandle           
00000e2d  xTaskAbortDelay                  
00000eb5  xTaskIncrementTick               
00000fc9  vTaskSwitchContext               
0000104f  vTaskPlaceOnEventList            
0000106f  vTaskPlaceOnUnorderedEventList   
000010a5  xTaskRemoveFromEventList         
00001135  xTaskRemoveFromUnorderedEventList
000011b9  vTaskSetTimeOutState             
000011d3  xTaskCheckForTimeOut             
00001279  vTaskMissedYield                 
00001281  uxTaskGetTaskNumber              
000012a1  vTaskSetTaskNumber               
00001395  vTaskGetInfo                     
00001519  uxTaskGetStackHighWaterMark      
0000158f  xTaskGetCurrentTaskHandle        
000015bd  xTaskGetSchedulerState           
000015ed  vTaskPriorityInherit             
0000168b  xTaskPriorityDisinherit          
0000170b  uxTaskResetEventItemValue        
00001731  pvTaskIncrementMutexHeldCount    
00001749  ulTaskNotifyTake                 
000017d1  xTaskNotifyWait                  
0000188d  xTaskGenericNotify               
0000197d  xTaskGenericNotifyFromISR        
00001a95  vTaskNotifyGiveFromISR           
00001b4b  xTaskNotifyStateClear            
00001c51  DIO_PortInit                     
00001e6b  DIO_PortRead                     
00001f09  DIO_PortWrite                    
00002035  DIO_PortDirection                
00002141  pvPortMalloc                     
00002247  vPortFree                        
000022a9  xPortGetFreeHeapSize             
000022af  vPortInitialiseBlocks            
0000230d  pxPortInitialiseStack            
00002377  xPortStartScheduler              
0000240b  vPortEndScheduler                
0000240d  vPortEnterCritical               
0000242d  vPortExitCritical                
00002443  xPortSysTickHandler              
00002469  vPortSetupTimerInterrupt         
00002477  vPortValidateInterruptPriority   
000024c5  vListInitialise                  
000024f5  vListInitialiseItem              
00002505  vListInsertEnd                   
00002541  vListInsert                      
000025af  uxListRemove                     
00002609  ulPortGetIPSR                    
00002621  xPortPendSVHandler               
00002681  vPortSVCHandler                  
000026a1  vPortStartFirstTask              
000026bd  vPortEnableVFP                   
000026cb  __aeabi_memcpy                   
000026cb  __aeabi_memcpy4                  
000026cb  __aeabi_memcpy8                  
000026cb  memcpy                           
00002769  delay                            
00002787  First_Task                       
000027a9  main                             
000027ed  PLL_Set80                        
00002869  __aeabi_memclr                   
00002869  __aeabi_memclr4                  
00002869  __aeabi_memclr8                  
0000286b  __aeabi_memset                   
0000286b  __aeabi_memset4                  
0000286b  __aeabi_memset8                  
00002871  memset                           
000028e5  __TI_auto_init                   
000029bd  _c_int00                         
00002a0d  copy_in                          
00002a59  C$$EXIT                          
00002a5d  abort                            
00002a65  exit                             
00002a9d  _args_main                       
00002ab5  _register_unlock                 
00002abb  _register_lock                   
00002ac3  _nop                             
00002ac9  __TI_decompress_none             
00002ad7  __TI_zero_init                   
00002ae3  ResetISR                         
00002aef  __TI_decompress_rle24            
00002af5  _system_pre_init                 
00002af8  ulMaxSyscallInterruptPriority    
00002b34  __TI_Handler_Table_Base          
00002b40  __TI_Handler_Table_Limit         
00002b48  __TI_CINIT_Base                  
00002b58  __TI_CINIT_Limit                 
20004f00  __stack                          
20005100  __STACK_END                      
20005100  __STACK_TOP                      
20005100  pxCurrentTCB                     
20005148  _lock                            
2000514c  _unlock                          
20005150  __TI_cleanup_ptr                 
20005154  __TI_dtors_ptr                   
20005158  main_func_sp                     
ffffffff  __binit__                        
ffffffff  __c_args__                       
ffffffff  binit                            
UNDEFED   SHT$$INIT_ARRAY$$Base            
UNDEFED   SHT$$INIT_ARRAY$$Limit           

[126 symbols]
