******************************************************************************
                  TI ARM Linker PC v5.2.5                      
******************************************************************************
>> Linked Mon Jul 11 19:48:53 2016

OUTPUT FILE NAME:   <FREERTOS_LAB2.out>
ENTRY POINT SYMBOL: "_c_int00"  address: 00002f2d


MEMORY CONFIGURATION

         name            origin    length      used     unused   attr    fill
----------------------  --------  ---------  --------  --------  ----  --------
  FLASH                 00000000   00040000  0000314a  0003ceb6  R  X
  SRAM                  20000000   00008000  0000516c  00002e94  RW X


SEGMENT ALLOCATION MAP

run origin  load origin   length   init length attrs members
----------  ----------- ---------- ----------- ----- -------
00000000    00000000    00003150   00003150    r-x
  00000000    00000000    0000026c   0000026c    r-- .intvecs
  0000026c    0000026c    00002e7c   00002e7c    r-x .text
  000030e8    000030e8    0000000a   0000000a    r-- .const
  000030f8    000030f8    00000058   00000058    r-- .cinit
20000000    20000000    0000516c   00000000    rw-
  20000000    20000000    00004f08   00000000    rw- .bss
  20004f08    20004f08    00000200   00000000    rw- .stack
  20005108    20005108    00000064   00000000    rw- .data


SECTION ALLOCATION MAP

 output                                  attributes/
section   page    origin      length       input sections
--------  ----  ----------  ----------   ----------------
.intvecs   0    00000000    0000026c     
                  00000000    0000026c     tm4c1231h6pm_startup_ccs.obj (.intvecs)

.text      0    0000026c    00002e7c     
                  0000026c    000019e4     tasks.obj (.text)
                  00001c50    000004f0     DIO.obj (.text)
                  00002140    00000230     main.obj (.text)
                  00002370    00000210     UART.obj (.text)
                  00002580    000001cc     heap_2.obj (.text)
                  0000274c    000001b8     port.obj (.text)
                  00002904    000001b6     rtsv7M4_T_le_v4SPD16_eabi.lib : fd_add_t2.obj (.text)
                  00002aba    00000132     list.obj (.text)
                  00002bec    000000d2     portasm.obj (.text)
                  00002cbe    0000009c     rtsv7M4_T_le_v4SPD16_eabi.lib : memcpy_t2.obj (.text)
                  00002d5a    00000002     --HOLE-- [fill = 0]
                  00002d5c    0000007c     PLL.obj (.text)
                  00002dd8    0000007a     rtsv7M4_T_le_v4SPD16_eabi.lib : memset_t2.obj (.text)
                  00002e52    00000002     --HOLE-- [fill = 0]
                  00002e54    0000006c                                   : autoinit.obj (.text)
                  00002ec0    0000006a                                   : copy_decompress_rle.obj (.text)
                  00002f2a    00000002     --HOLE-- [fill = 0]
                  00002f2c    00000050                                   : boot.obj (.text)
                  00002f7c    0000004c                                   : cpy_tbl.obj (.text)
                  00002fc8    00000048                                   : fd_toi_t2.obj (.text)
                  00003010    00000044                                   : exit.obj (.text)
                  00003054    00000038                                   : fs_tod_t2.obj (.text)
                  0000308c    00000018                                   : args_main.obj (.text)
                  000030a4    00000014                                   : _lock.obj (.text)
                  000030b8    0000000e                                   : copy_decompress_none.obj (.text:decompress:none)
                  000030c6    0000000c                                   : copy_zero_init.obj (.text:decompress:ZI)
                  000030d2    0000000c     tm4c1231h6pm_startup_ccs.obj (.text)
                  000030de    00000006     rtsv7M4_T_le_v4SPD16_eabi.lib : copy_decompress_rle.obj (.text:decompress:rle24)
                  000030e4    00000004                                   : pre_init.obj (.text)

.const     0    000030e8    0000000a     
                  000030e8    00000008     port.obj (.const)
                  000030f0    00000002     heap_2.obj (.const)

.cinit     0    000030f8    00000058     
                  000030f8    00000032     (.cinit..data.load) [load image, compression = rle]
                  0000312a    00000002     --HOLE-- [fill = 0]
                  0000312c    0000000c     (__TI_handler_table)
                  00003138    00000008     (.cinit..bss.load) [load image, compression = zero_init]
                  00003140    00000010     (__TI_cinit_table)

.init_array 
*          0    00000000    00000000     UNINITIALIZED

.bss       0    20000000    00004f08     UNINITIALIZED
                  20000000    00004e20     heap_2.obj (.bss:ucHeap)
                  20004e20    00000064     tasks.obj (.bss:pxReadyTasksLists)
                  20004e84    00000014     (.common:xDelayedTaskList1)
                  20004e98    00000014     (.common:xDelayedTaskList2)
                  20004eac    00000014     (.common:xPendingReadyList)
                  20004ec0    00000014     (.common:xSuspendedTaskList)
                  20004ed4    00000014     (.common:xTasksWaitingTermination)
                  20004ee8    00000008     (.common:handles)
                  20004ef0    00000008     (.common:xEnd)
                  20004ef8    00000008     (.common:xStart)
                  20004f00    00000004     (.common:pxDelayedTaskList)
                  20004f04    00000004     (.common:pxOverflowDelayedTaskList)

.TI.noinit 
*          0    20000000    00000000     UNINITIALIZED

.stack     0    20004f08    00000200     UNINITIALIZED
                  20004f08    00000200     --HOLE--

.data      0    20005108    00000064     UNINITIALIZED
                  20005108    00000034     tasks.obj (.data)
                  2000513c    0000000c     port.obj (.data)
                  20005148    00000008     heap_2.obj (.data)
                  20005150    00000008     main.obj (.data)
                  20005158    00000008     rtsv7M4_T_le_v4SPD16_eabi.lib : _lock.obj (.data)
                  20005160    00000008                                   : exit.obj (.data)
                  20005168    00000004                                   : stkdepth_vars.obj (.data)

.TI.persistent 
*          0    20005108    00000000     UNINITIALIZED


LINKER GENERATED COPY TABLES

__TI_cinit_table @ 00003140 records: 2, size/record: 8, table size: 16
	.data: load addr=000030f8, load size=00000032 bytes, run addr=20005108, run size=00000064 bytes, compression=rle
	.bss: load addr=00003138, load size=00000008 bytes, run addr=20000000, run size=00004f08 bytes, compression=zero_init


LINKER GENERATED HANDLER TABLE

__TI_handler_table @ 0000312c records: 3, size/record: 4, table size: 12
	index: 0, handler: __TI_decompress_rle24
	index: 1, handler: __TI_decompress_none
	index: 2, handler: __TI_zero_init


GLOBAL SYMBOLS: SORTED ALPHABETICALLY BY Name 

address   name                             
-------   ----                             
00003011  C$$EXIT                          
00002035  DIO_PortDirection                
00001c51  DIO_PortInit                     
00001e6b  DIO_PortRead                     
00001f09  DIO_PortWrite                    
00002d5d  PLL_Set80                        
000030d3  ResetISR                         
UNDEFED   SHT$$INIT_ARRAY$$Base            
UNDEFED   SHT$$INIT_ARRAY$$Limit           
000021cf  TaskState                        
00002371  UART0_Init                       
000024f1  UART0_ReadChr                    
00002505  UART0_ReadString                 
000024d5  UART0_SendChr                    
0000245f  UART0_SendInt                    
0000243b  UART0_SendString                 
20005108  __STACK_END                      
00000200  __STACK_SIZE                     
20005108  __STACK_TOP                      
00003140  __TI_CINIT_Base                  
00003150  __TI_CINIT_Limit                 
0000312c  __TI_Handler_Table_Base          
00003138  __TI_Handler_Table_Limit         
00002e55  __TI_auto_init                   
20005160  __TI_cleanup_ptr                 
000030b9  __TI_decompress_none             
000030df  __TI_decompress_rle24            
20005164  __TI_dtors_ptr                   
00000000  __TI_static_base__               
000030c7  __TI_zero_init                   
00002fc9  __aeabi_d2iz                     
0000290f  __aeabi_dadd                     
00002905  __aeabi_dsub                     
00003055  __aeabi_f2d                      
00002dd9  __aeabi_memclr                   
00002dd9  __aeabi_memclr4                  
00002dd9  __aeabi_memclr8                  
00002cbf  __aeabi_memcpy                   
00002cbf  __aeabi_memcpy4                  
00002cbf  __aeabi_memcpy8                  
00002ddb  __aeabi_memset                   
00002ddb  __aeabi_memset4                  
00002ddb  __aeabi_memset8                  
ffffffff  __binit__                        
ffffffff  __c_args__                       
20004f08  __stack                          
0000308d  _args_main                       
00002f2d  _c_int00                         
20005158  _lock                            
000030b3  _nop                             
000030ab  _register_lock                   
000030a5  _register_unlock                 
000030e5  _system_pre_init                 
2000515c  _unlock                          
00003015  abort                            
ffffffff  binit                            
00002141  button                           
00002f7d  copy_in                          
20005154  data                             
000005f1  eTaskGetState                    
0000301d  exit                             
00000000  g_pfnVectors                     
20004ee8  handles                          
0000218f  led                              
0000229b  main                             
20005168  main_func_sp                     
00002cbf  memcpy                           
00002de1  memset                           
00000bc5  pcTaskGetName                    
00002581  pvPortMalloc                     
00001731  pvTaskIncrementMutexHeldCount    
20005108  pxCurrentTCB                     
0000274d  pxPortInitialiseStack            
20005150  speed                            
000030e8  ulMaxSyscallInterruptPriority    
00002bfd  ulPortGetIPSR                    
00001749  ulTaskNotifyTake                 
00002ba5  uxListRemove                     
00000bbf  uxTaskGetNumberOfTasks           
00001519  uxTaskGetStackHighWaterMark      
00000d49  uxTaskGetSystemState             
00001281  uxTaskGetTaskNumber              
00000681  uxTaskPriorityGet                
000006b1  uxTaskPriorityGetFromISR         
0000170b  uxTaskResetEventItemValue        
00002abb  vListInitialise                  
00002aeb  vListInitialiseItem              
00002b37  vListInsert                      
00002afb  vListInsertEnd                   
00002cb1  vPortEnableVFP                   
0000284b  vPortEndScheduler                
0000284d  vPortEnterCritical               
0000286d  vPortExitCritical                
00002687  vPortFree                        
000026ef  vPortInitialiseBlocks            
00002c75  vPortSVCHandler                  
000028a9  vPortSetupTimerInterrupt         
00002c95  vPortStartFirstTask              
000028b7  vPortValidateInterruptPriority   
000005b3  vTaskDelay                       
00000505  vTaskDelayUntil                  
00000475  vTaskDelete                      
00000a61  vTaskEndScheduler                
00001395  vTaskGetInfo                     
00001279  vTaskMissedYield                 
00001a95  vTaskNotifyGiveFromISR           
0000104f  vTaskPlaceOnEventList            
0000106f  vTaskPlaceOnUnorderedEventList   
000015ed  vTaskPriorityInherit             
00000705  vTaskPrioritySet                 
000008f1  vTaskResume                      
000012a1  vTaskSetTaskNumber               
000011b9  vTaskSetTimeOutState             
00000a11  vTaskStartScheduler              
0000080d  vTaskSuspend                     
00000a7d  vTaskSuspendAll                  
00000fc9  vTaskSwitchContext               
000026e9  xPortGetFreeHeapSize             
00002c15  xPortPendSVHandler               
000027b7  xPortStartScheduler              
00002883  xPortSysTickHandler              
00000e2d  xTaskAbortDelay                  
000011d3  xTaskCheckForTimeOut             
0000026d  xTaskCreate                      
0000188d  xTaskGenericNotify               
0000197d  xTaskGenericNotifyFromISR        
0000158f  xTaskGetCurrentTaskHandle        
00000cc1  xTaskGetHandle                   
00000e21  xTaskGetIdleTaskHandle           
000015bd  xTaskGetSchedulerState           
00000b79  xTaskGetTickCount                
00000b91  xTaskGetTickCountFromISR         
00000eb5  xTaskIncrementTick               
00001b4b  xTaskNotifyStateClear            
000017d1  xTaskNotifyWait                  
0000168b  xTaskPriorityDisinherit          
000010a5  xTaskRemoveFromEventList         
00001135  xTaskRemoveFromUnorderedEventList
00000a91  xTaskResumeAll                   
00000977  xTaskResumeFromISR               


GLOBAL SYMBOLS: SORTED BY Symbol Address 

address   name                             
-------   ----                             
00000000  __TI_static_base__               
00000000  g_pfnVectors                     
00000200  __STACK_SIZE                     
0000026d  xTaskCreate                      
00000475  vTaskDelete                      
00000505  vTaskDelayUntil                  
000005b3  vTaskDelay                       
000005f1  eTaskGetState                    
00000681  uxTaskPriorityGet                
000006b1  uxTaskPriorityGetFromISR         
00000705  vTaskPrioritySet                 
0000080d  vTaskSuspend                     
000008f1  vTaskResume                      
00000977  xTaskResumeFromISR               
00000a11  vTaskStartScheduler              
00000a61  vTaskEndScheduler                
00000a7d  vTaskSuspendAll                  
00000a91  xTaskResumeAll                   
00000b79  xTaskGetTickCount                
00000b91  xTaskGetTickCountFromISR         
00000bbf  uxTaskGetNumberOfTasks           
00000bc5  pcTaskGetName                    
00000cc1  xTaskGetHandle                   
00000d49  uxTaskGetSystemState             
00000e21  xTaskGetIdleTaskHandle           
00000e2d  xTaskAbortDelay                  
00000eb5  xTaskIncrementTick               
00000fc9  vTaskSwitchContext               
0000104f  vTaskPlaceOnEventList            
0000106f  vTaskPlaceOnUnorderedEventList   
000010a5  xTaskRemoveFromEventList         
00001135  xTaskRemoveFromUnorderedEventList
000011b9  vTaskSetTimeOutState             
000011d3  xTaskCheckForTimeOut             
00001279  vTaskMissedYield                 
00001281  uxTaskGetTaskNumber              
000012a1  vTaskSetTaskNumber               
00001395  vTaskGetInfo                     
00001519  uxTaskGetStackHighWaterMark      
0000158f  xTaskGetCurrentTaskHandle        
000015bd  xTaskGetSchedulerState           
000015ed  vTaskPriorityInherit             
0000168b  xTaskPriorityDisinherit          
0000170b  uxTaskResetEventItemValue        
00001731  pvTaskIncrementMutexHeldCount    
00001749  ulTaskNotifyTake                 
000017d1  xTaskNotifyWait                  
0000188d  xTaskGenericNotify               
0000197d  xTaskGenericNotifyFromISR        
00001a95  vTaskNotifyGiveFromISR           
00001b4b  xTaskNotifyStateClear            
00001c51  DIO_PortInit                     
00001e6b  DIO_PortRead                     
00001f09  DIO_PortWrite                    
00002035  DIO_PortDirection                
00002141  button                           
0000218f  led                              
000021cf  TaskState                        
0000229b  main                             
00002371  UART0_Init                       
0000243b  UART0_SendString                 
0000245f  UART0_SendInt                    
000024d5  UART0_SendChr                    
000024f1  UART0_ReadChr                    
00002505  UART0_ReadString                 
00002581  pvPortMalloc                     
00002687  vPortFree                        
000026e9  xPortGetFreeHeapSize             
000026ef  vPortInitialiseBlocks            
0000274d  pxPortInitialiseStack            
000027b7  xPortStartScheduler              
0000284b  vPortEndScheduler                
0000284d  vPortEnterCritical               
0000286d  vPortExitCritical                
00002883  xPortSysTickHandler              
000028a9  vPortSetupTimerInterrupt         
000028b7  vPortValidateInterruptPriority   
00002905  __aeabi_dsub                     
0000290f  __aeabi_dadd                     
00002abb  vListInitialise                  
00002aeb  vListInitialiseItem              
00002afb  vListInsertEnd                   
00002b37  vListInsert                      
00002ba5  uxListRemove                     
00002bfd  ulPortGetIPSR                    
00002c15  xPortPendSVHandler               
00002c75  vPortSVCHandler                  
00002c95  vPortStartFirstTask              
00002cb1  vPortEnableVFP                   
00002cbf  __aeabi_memcpy                   
00002cbf  __aeabi_memcpy4                  
00002cbf  __aeabi_memcpy8                  
00002cbf  memcpy                           
00002d5d  PLL_Set80                        
00002dd9  __aeabi_memclr                   
00002dd9  __aeabi_memclr4                  
00002dd9  __aeabi_memclr8                  
00002ddb  __aeabi_memset                   
00002ddb  __aeabi_memset4                  
00002ddb  __aeabi_memset8                  
00002de1  memset                           
00002e55  __TI_auto_init                   
00002f2d  _c_int00                         
00002f7d  copy_in                          
00002fc9  __aeabi_d2iz                     
00003011  C$$EXIT                          
00003015  abort                            
0000301d  exit                             
00003055  __aeabi_f2d                      
0000308d  _args_main                       
000030a5  _register_unlock                 
000030ab  _register_lock                   
000030b3  _nop                             
000030b9  __TI_decompress_none             
000030c7  __TI_zero_init                   
000030d3  ResetISR                         
000030df  __TI_decompress_rle24            
000030e5  _system_pre_init                 
000030e8  ulMaxSyscallInterruptPriority    
0000312c  __TI_Handler_Table_Base          
00003138  __TI_Handler_Table_Limit         
00003140  __TI_CINIT_Base                  
00003150  __TI_CINIT_Limit                 
20004ee8  handles                          
20004f08  __stack                          
20005108  __STACK_END                      
20005108  __STACK_TOP                      
20005108  pxCurrentTCB                     
20005150  speed                            
20005154  data                             
20005158  _lock                            
2000515c  _unlock                          
20005160  __TI_cleanup_ptr                 
20005164  __TI_dtors_ptr                   
20005168  main_func_sp                     
ffffffff  __binit__                        
ffffffff  __c_args__                       
ffffffff  binit                            
UNDEFED   SHT$$INIT_ARRAY$$Base            
UNDEFED   SHT$$INIT_ARRAY$$Limit           

[140 symbols]
